time="2026-09-05T21:11:47+02:00" level=warning msg="Insufficient VUs, reached 80 active VUs and cannot initialize more" executor=constant-arrival-rate scenario=constant
time="2026-09-05T21:11:48+02:00" level=warning msg="Request Failed" error="Get \"http://localhost:8081/\": request timeout"
time="2026-09-05T21:11:48+02:00" level=warning msg="Request Failed" error="Get \"http://localhost:8081/\": request timeout"
time="2026-09-05T21:11:48+02:00" level=warning msg="Request Failed" error="Get \"http://localhost:8081/\": request timeout"
time="2026-09-05T21:11:49+02:00" level=warning msg="Request Failed" error="Get \"http://localhost:8081/\": request timeout"
time="2026-09-05T21:11:49+02:00" level=warning msg="Request Failed" error="Get \"http://localhost:8081/\": request timeout"
time="2026-09-05T21:11:50+02:00" level=warning msg="Request Failed" error="Get \"http://localhost:8081/\": request timeout"
time="2026-09-05T21:11:50+02:00" level=warning msg="Request Failed" error="Get \"http://localhost:8081/\": request timeout"
time="2026-09-05T21:11:50+02:00" level=warning msg="Request Failed" error="Get \"http://localhost:8081/\": request timeout"
time="2026-09-05T21:11:50+02:00" level=warning msg="Request Failed" error="Get \"http://localhost:8081/\": request timeout"
time="2026-09-05T21:11:51+02:00" level=warning msg="Request Failed" error="Get \"http://localhost:8081/\": request timeout"
time="2026-09-05T21:11:51+02:00" level=warning msg="Request Failed" error="Get \"http://localhost:8081/\": request timeout"
time="2026-09-05T21:11:51+02:00" level=warning msg="Request Failed" error="Get \"http://localhost:8081/\": request timeout"
time="2026-09-05T21:11:51+02:00" level=warning msg="Request Failed" error="Get \"http://localhost:8081/\": request timeout"
time="2026-09-05T21:11:51+02:00" level=warning msg="Request Failed" error="Get \"http://localhost:8081/\": request timeout"
time="2026-09-05T21:11:52+02:00" level=warning msg="Request Failed" error="Get \"http://localhost:8081/\": request timeout"
time="2026-09-05T21:11:52+02:00" level=warning msg="Request Failed" error="Get \"http://localhost:8081/\": request timeout"
time="2026-09-05T21:11:52+02:00" level=warning msg="Request Failed" error="Get \"http://localhost:8081/\": request timeout"
time="2026-09-05T21:11:52+02:00" level=warning msg="Request Failed" error="Get \"http://localhost:8081/\": request timeout"
time="2026-09-05T21:11:52+02:00" level=warning msg="Request Failed" error="Get \"http://localhost:8081/\": request timeout"
time="2026-09-05T21:11:52+02:00" level=warning msg="Request Failed" error="Get \"http://localhost:8081/\": request timeout"
time="2026-09-05T21:11:52+02:00" level=warning msg="Request Failed" error="Get \"http://localhost:8081/\": request timeout"
time="2026-09-05T21:11:52+02:00" level=warning msg="Request Failed" error="Get \"http://localhost:8081/\": request timeout"
time="2026-09-05T21:11:52+02:00" level=warning msg="Request Failed" error="Get \"http://localhost:8081/\": request timeout"
time="2026-09-05T21:11:52+02:00" level=warning msg="Request Failed" error="Get \"http://localhost:8081/\": request timeout"
time="2026-09-05T21:11:52+02:00" level=warning msg="Request Failed" error="Get \"http://localhost:8081/\": request timeout"
time="2026-09-05T21:11:53+02:00" level=warning msg="Request Failed" error="Get \"http://localhost:8081/\": request timeout"
time="2026-09-05T21:11:53+02:00" level=warning msg="Request Failed" error="Get \"http://localhost:8081/\": request timeout"
time="2026-09-05T21:11:53+02:00" level=warning msg="Request Failed" error="Get \"http://localhost:8081/\": request timeout"
time="2026-09-05T21:11:53+02:00" level=warning msg="Request Failed" error="Get \"http://localhost:8081/\": request timeout"
time="2026-09-05T21:11:53+02:00" level=warning msg="Request Failed" error="Get \"http://localhost:8081/\": request timeout"
time="2026-09-05T21:11:53+02:00" level=warning msg="Request Failed" error="Get \"http://localhost:8081/\": request timeout"
time="2026-09-05T21:11:54+02:00" level=warning msg="Request Failed" error="Get \"http://localhost:8081/\": request timeout"
time="2026-09-05T21:11:54+02:00" level=warning msg="Request Failed" error="Get \"http://localhost:8081/\": request timeout"
time="2026-09-05T21:11:54+02:00" level=warning msg="Request Failed" error="Get \"http://localhost:8081/\": request timeout"
time="2026-09-05T21:11:54+02:00" level=warning msg="Request Failed" error="Get \"http://localhost:8081/\": request timeout"
time="2026-09-05T21:11:54+02:00" level=warning msg="Request Failed" error="Get \"http://localhost:8081/\": request timeout"
time="2026-09-05T21:11:55+02:00" level=warning msg="Request Failed" error="Get \"http://localhost:8081/\": request timeout"
time="2026-09-05T21:11:55+02:00" level=warning msg="Request Failed" error="Get \"http://localhost:8081/\": request timeout"
time="2026-09-05T21:11:55+02:00" level=warning msg="Request Failed" error="Get \"http://localhost:8081/\": request timeout"
time="2026-09-05T21:11:56+02:00" level=warning msg="Request Failed" error="Get \"http://localhost:8081/\": request timeout"
time="2026-09-05T21:11:56+02:00" level=warning msg="Request Failed" error="Get \"http://localhost:8081/\": request timeout"
time="2026-09-05T21:11:56+02:00" level=warning msg="Request Failed" error="Get \"http://localhost:8081/\": request timeout"
time="2026-09-05T21:11:57+02:00" level=warning msg="Request Failed" error="Get \"http://localhost:8081/\": request timeout"
time="2026-09-05T21:11:57+02:00" level=warning msg="Request Failed" error="Get \"http://localhost:8081/\": request timeout"
time="2026-09-05T21:11:58+02:00" level=warning msg="Request Failed" error="Get \"http://localhost:8081/\": request timeout"
time="2026-09-05T21:11:58+02:00" level=warning msg="Request Failed" error="Get \"http://localhost:8081/\": request timeout"
time="2026-09-05T21:11:59+02:00" level=warning msg="Request Failed" error="Get \"http://localhost:8081/\": request timeout"
time="2026-09-05T21:12:00+02:00" level=warning msg="Request Failed" error="Get \"http://localhost:8081/\": request timeout"
time="2026-09-05T21:12:00+02:00" level=warning msg="Request Failed" error="Get \"http://localhost:8081/\": request timeout"
time="2026-09-05T21:12:00+02:00" level=warning msg="Request Failed" error="Get \"http://localhost:8081/\": request timeout"
time="2026-09-05T21:12:01+02:00" level=warning msg="Request Failed" error="Get \"http://localhost:8081/\": request timeout"
time="2026-09-05T21:12:01+02:00" level=warning msg="Request Failed" error="Get \"http://localhost:8081/\": request timeout"
time="2026-09-05T21:12:01+02:00" level=warning msg="Request Failed" error="Get \"http://localhost:8081/\": request timeout"
time="2026-09-05T21:12:01+02:00" level=warning msg="Request Failed" error="Get \"http://localhost:8081/\": request timeout"
time="2026-09-05T21:12:02+02:00" level=warning msg="Request Failed" error="Get \"http://localhost:8081/\": request timeout"
time="2026-09-05T21:12:02+02:00" level=warning msg="Request Failed" error="Get \"http://localhost:8081/\": request timeout"
time="2026-09-05T21:12:02+02:00" level=warning msg="Request Failed" error="Get \"http://localhost:8081/\": request timeout"
time="2026-09-05T21:12:02+02:00" level=warning msg="Request Failed" error="Get \"http://localhost:8081/\": request timeout"
time="2026-09-05T21:12:02+02:00" level=warning msg="Request Failed" error="Get \"http://localhost:8081/\": request timeout"
time="2026-09-05T21:12:02+02:00" level=warning msg="Request Failed" error="Get \"http://localhost:8081/\": request timeout"
time="2026-09-05T21:12:03+02:00" level=warning msg="Request Failed" error="Get \"http://localhost:8081/\": request timeout"
time="2026-09-05T21:12:03+02:00" level=warning msg="Request Failed" error="Get \"http://localhost:8081/\": request timeout"
time="2026-09-05T21:12:03+02:00" level=warning msg="Request Failed" error="Get \"http://localhost:8081/\": request timeout"
time="2026-09-05T21:12:03+02:00" level=warning msg="Request Failed" error="Get \"http://localhost:8081/\": request timeout"
time="2026-09-05T21:12:04+02:00" level=warning msg="Request Failed" error="Get \"http://localhost:8081/\": request timeout"
time="2026-09-05T21:12:04+02:00" level=warning msg="Request Failed" error="Get \"http://localhost:8081/\": request timeout"
time="2026-09-05T21:12:05+02:00" level=warning msg="Request Failed" error="Get \"http://localhost:8081/\": request timeout"
time="2026-09-05T21:12:06+02:00" level=warning msg="Request Failed" error="Get \"http://localhost:8081/\": request timeout"
time="2026-09-05T21:12:07+02:00" level=warning msg="Request Failed" error="Get \"http://localhost:8081/\": request timeout"
time="2026-09-05T21:12:08+02:00" level=warning msg="Request Failed" error="Get \"http://localhost:8081/\": request timeout"
time="2026-09-05T21:12:10+02:00" level=warning msg="Request Failed" error="Get \"http://localhost:8081/\": request timeout"
time="2026-09-05T21:12:10+02:00" level=warning msg="Request Failed" error="Get \"http://localhost:8081/\": request timeout"
time="2026-09-05T21:12:10+02:00" level=warning msg="Request Failed" error="Get \"http://localhost:8081/\": request timeout"
time="2026-09-05T21:12:11+02:00" level=warning msg="Request Failed" error="Get \"http://localhost:8081/\": request timeout"
time="2026-09-05T21:12:11+02:00" level=warning msg="Request Failed" error="Get \"http://localhost:8081/\": request timeout"
time="2026-09-05T21:12:11+02:00" level=warning msg="Request Failed" error="Get \"http://localhost:8081/\": request timeout"
time="2026-09-05T21:12:11+02:00" level=warning msg="Request Failed" error="Get \"http://localhost:8081/\": request timeout"
time="2026-09-05T21:12:11+02:00" level=warning msg="Request Failed" error="Get \"http://localhost:8081/\": request timeout"
time="2026-09-05T21:12:11+02:00" level=warning msg="Request Failed" error="Get \"http://localhost:8081/\": request timeout"
time="2026-09-05T21:12:11+02:00" level=warning msg="Request Failed" error="Get \"http://localhost:8081/\": request timeout"
time="2026-09-05T21:12:11+02:00" level=warning msg="Request Failed" error="Get \"http://localhost:8081/\": request timeout"
time="2026-09-05T21:12:11+02:00" level=warning msg="Request Failed" error="Get \"http://localhost:8081/\": request timeout"
time="2026-09-05T21:12:11+02:00" level=warning msg="Request Failed" error="Get \"http://localhost:8081/\": request timeout"
time="2026-09-05T21:12:11+02:00" level=warning msg="Request Failed" error="Get \"http://localhost:8081/\": request timeout"
time="2026-09-05T21:12:11+02:00" level=warning msg="Request Failed" error="Get \"http://localhost:8081/\": request timeout"
time="2026-09-05T21:12:11+02:00" level=warning msg="Request Failed" error="Get \"http://localhost:8081/\": request timeout"
time="2026-09-05T21:12:11+02:00" level=warning msg="Request Failed" error="Get \"http://localhost:8081/\": request timeout"
time="2026-09-05T21:12:11+02:00" level=warning msg="Request Failed" error="Get \"http://localhost:8081/\": request timeout"
time="2026-09-05T21:12:11+02:00" level=warning msg="Request Failed" error="Get \"http://localhost:8081/\": request timeout"
time="2026-09-05T21:12:11+02:00" level=warning msg="Request Failed" error="Get \"http://localhost:8081/\": request timeout"
time="2026-09-05T21:12:11+02:00" level=warning msg="Request Failed" error="Get \"http://localhost:8081/\": request timeout"
time="2026-09-05T21:12:11+02:00" level=warning msg="Request Failed" error="Get \"http://localhost:8081/\": request timeout"
time="2026-09-05T21:12:11+02:00" level=warning msg="Request Failed" error="Get \"http://localhost:8081/\": request timeout"
time="2026-09-05T21:12:11+02:00" level=warning msg="Request Failed" error="Get \"http://localhost:8081/\": request timeout"
time="2026-09-05T21:12:11+02:00" level=warning msg="Request Failed" error="Get \"http://localhost:8081/\": request timeout"
time="2026-09-05T21:12:11+02:00" level=warning msg="Request Failed" error="Get \"http://localhost:8081/\": request timeout"
time="2026-09-05T21:12:11+02:00" level=warning msg="Request Failed" error="Get \"http://localhost:8081/\": request timeout"
time="2026-09-05T21:12:11+02:00" level=warning msg="Request Failed" error="Get \"http://localhost:8081/\": request timeout"
time="2026-09-05T21:12:11+02:00" level=warning msg="Request Failed" error="Get \"http://localhost:8081/\": request timeout"
time="2026-09-05T21:12:11+02:00" level=warning msg="Request Failed" error="Get \"http://localhost:8081/\": request timeout"
time="2026-09-05T21:12:11+02:00" level=warning msg="Request Failed" error="Get \"http://localhost:8081/\": request timeout"
time="2026-09-05T21:12:11+02:00" level=warning msg="Request Failed" error="Get \"http://localhost:8081/\": request timeout"
time="2026-09-05T21:12:11+02:00" level=warning msg="Request Failed" error="Get \"http://localhost:8081/\": request timeout"
time="2026-09-05T21:12:11+02:00" level=warning msg="Request Failed" error="Get \"http://localhost:8081/\": request timeout"
time="2026-09-05T21:12:12+02:00" level=warning msg="Request Failed" error="Get \"http://localhost:8081/\": request timeout"
time="2026-09-05T21:12:12+02:00" level=warning msg="Request Failed" error="Get \"http://localhost:8081/\": request timeout"
time="2026-09-05T21:12:12+02:00" level=warning msg="Request Failed" error="Get \"http://localhost:8081/\": request timeout"
time="2026-09-05T21:12:12+02:00" level=warning msg="Request Failed" error="Get \"http://localhost:8081/\": request timeout"
time="2026-09-05T21:12:12+02:00" level=warning msg="Request Failed" error="Get \"http://localhost:8081/\": request timeout"
time="2026-09-05T21:12:12+02:00" level=warning msg="Request Failed" error="Get \"http://localhost:8081/\": request timeout"
time="2026-09-05T21:12:12+02:00" level=warning msg="Request Failed" error="Get \"http://localhost:8081/\": request timeout"
time="2026-09-05T21:12:12+02:00" level=warning msg="Request Failed" error="Get \"http://localhost:8081/\": request timeout"
time="2026-09-05T21:12:12+02:00" level=warning msg="Request Failed" error="Get \"http://localhost:8081/\": request timeout"
time="2026-09-05T21:12:12+02:00" level=warning msg="Request Failed" error="Get \"http://localhost:8081/\": request timeout"
time="2026-09-05T21:12:12+02:00" level=warning msg="Request Failed" error="Get \"http://localhost:8081/\": request timeout"
time="2026-09-05T21:12:12+02:00" level=warning msg="Request Failed" error="Get \"http://localhost:8081/\": request timeout"
time="2026-09-05T21:12:12+02:00" level=warning msg="Request Failed" error="Get \"http://localhost:8081/\": request timeout"
time="2026-09-05T21:12:12+02:00" level=warning msg="Request Failed" error="Get \"http://localhost:8081/\": request timeout"
time="2026-09-05T21:12:12+02:00" level=warning msg="Request Failed" error="Get \"http://localhost:8081/\": request timeout"
time="2026-09-05T21:12:12+02:00" level=warning msg="Request Failed" error="Get \"http://localhost:8081/\": request timeout"
time="2026-09-05T21:12:12+02:00" level=warning msg="Request Failed" error="Get \"http://localhost:8081/\": request timeout"
time="2026-09-05T21:12:12+02:00" level=warning msg="Request Failed" error="Get \"http://localhost:8081/\": request timeout"
time="2026-09-05T21:12:12+02:00" level=warning msg="Request Failed" error="Get \"http://localhost:8081/\": request timeout"
time="2026-09-05T21:12:12+02:00" level=warning msg="Request Failed" error="Get \"http://localhost:8081/\": request timeout"
time="2026-09-05T21:12:12+02:00" level=warning msg="Request Failed" error="Get \"http://localhost:8081/\": request timeout"
time="2026-09-05T21:12:12+02:00" level=warning msg="Request Failed" error="Get \"http://localhost:8081/\": request timeout"
time="2026-09-05T21:12:12+02:00" level=warning msg="Request Failed" error="Get \"http://localhost:8081/\": request timeout"
time="2026-09-05T21:12:12+02:00" level=warning msg="Request Failed" error="Get \"http://localhost:8081/\": request timeout"
time="2026-09-05T21:12:12+02:00" level=warning msg="Request Failed" error="Get \"http://localhost:8081/\": request timeout"
time="2026-09-05T21:12:12+02:00" level=warning msg="Request Failed" error="Get \"http://localhost:8081/\": request timeout"
time="2026-09-05T21:12:12+02:00" level=warning msg="Request Failed" error="Get \"http://localhost:8081/\": request timeout"
time="2026-09-05T21:12:12+02:00" level=warning msg="Request Failed" error="Get \"http://localhost:8081/\": request timeout"
time="2026-09-05T21:12:12+02:00" level=warning msg="Request Failed" error="Get \"http://localhost:8081/\": request timeout"
time="2026-09-05T21:12:12+02:00" level=warning msg="Request Failed" error="Get \"http://localhost:8081/\": request timeout"
time="2026-09-05T21:12:12+02:00" level=warning msg="Request Failed" error="Get \"http://localhost:8081/\": request timeout"
time="2026-09-05T21:12:13+02:00" level=warning msg="Request Failed" error="Get \"http://localhost:8081/\": request timeout"
time="2026-09-05T21:12:13+02:00" level=warning msg="Request Failed" error="Get \"http://localhost:8081/\": request timeout"
time="2026-09-05T21:12:13+02:00" level=warning msg="Request Failed" error="Get \"http://localhost:8081/\": request timeout"
time="2026-09-05T21:12:13+02:00" level=warning msg="Request Failed" error="Get \"http://localhost:8081/\": request timeout"
time="2026-09-05T21:12:13+02:00" level=warning msg="Request Failed" error="Get \"http://localhost:8081/\": request timeout"
time="2026-09-05T21:12:13+02:00" level=warning msg="Request Failed" error="Get \"http://localhost:8081/\": request timeout"
time="2026-09-05T21:12:13+02:00" level=warning msg="Request Failed" error="Get \"http://localhost:8081/\": request timeout"
time="2026-09-05T21:12:13+02:00" level=warning msg="Request Failed" error="Get \"http://localhost:8081/\": request timeout"
time="2026-09-05T21:12:13+02:00" level=warning msg="Request Failed" error="Get \"http://localhost:8081/\": request timeout"
time="2026-09-05T21:12:14+02:00" level=warning msg="Request Failed" error="Get \"http://localhost:8081/\": request timeout"
time="2026-09-05T21:12:15+02:00" level=warning msg="Request Failed" error="Get \"http://localhost:8081/\": request timeout"
time="2026-09-05T21:12:15+02:00" level=warning msg="Request Failed" error="Get \"http://localhost:8081/\": request timeout"
time="2026-09-05T21:12:16+02:00" level=warning msg="Request Failed" error="Get \"http://localhost:8081/\": request timeout"
time="2026-09-05T21:12:17+02:00" level=warning msg="Request Failed" error="Get \"http://localhost:8081/\": request timeout"
time="2026-09-05T21:12:18+02:00" level=warning msg="Request Failed" error="Get \"http://localhost:8081/\": request timeout"
time="2026-09-05T21:12:20+02:00" level=warning msg="Request Failed" error="Get \"http://localhost:8081/\": request timeout"
time="2026-09-05T21:12:20+02:00" level=warning msg="Request Failed" error="Get \"http://localhost:8081/\": request timeout"
time="2026-09-05T21:12:21+02:00" level=warning msg="Request Failed" error="Get \"http://localhost:8081/\": request timeout"
time="2026-09-05T21:12:21+02:00" level=warning msg="Request Failed" error="Get \"http://localhost:8081/\": request timeout"
time="2026-09-05T21:12:21+02:00" level=warning msg="Request Failed" error="Get \"http://localhost:8081/\": request timeout"
time="2026-09-05T21:12:21+02:00" level=warning msg="Request Failed" error="Get \"http://localhost:8081/\": request timeout"
time="2026-09-05T21:12:21+02:00" level=warning msg="Request Failed" error="Get \"http://localhost:8081/\": request timeout"
time="2026-09-05T21:12:21+02:00" level=warning msg="Request Failed" error="Get \"http://localhost:8081/\": request timeout"
time="2026-09-05T21:12:21+02:00" level=warning msg="Request Failed" error="Get \"http://localhost:8081/\": request timeout"
time="2026-09-05T21:12:21+02:00" level=warning msg="Request Failed" error="Get \"http://localhost:8081/\": request timeout"
time="2026-09-05T21:12:21+02:00" level=warning msg="Request Failed" error="Get \"http://localhost:8081/\": request timeout"
time="2026-09-05T21:12:21+02:00" level=warning msg="Request Failed" error="Get \"http://localhost:8081/\": request timeout"
time="2026-09-05T21:12:21+02:00" level=warning msg="Request Failed" error="Get \"http://localhost:8081/\": request timeout"
time="2026-09-05T21:12:21+02:00" level=warning msg="Request Failed" error="Get \"http://localhost:8081/\": request timeout"
time="2026-09-05T21:12:21+02:00" level=warning msg="Request Failed" error="Get \"http://localhost:8081/\": request timeout"
time="2026-09-05T21:12:21+02:00" level=warning msg="Request Failed" error="Get \"http://localhost:8081/\": request timeout"
time="2026-09-05T21:12:21+02:00" level=warning msg="Request Failed" error="Get \"http://localhost:8081/\": request timeout"
time="2026-09-05T21:12:21+02:00" level=warning msg="Request Failed" error="request timeout"
time="2026-09-05T21:12:21+02:00" level=warning msg="Request Failed" error="Get \"http://localhost:8081/\": request timeout"
time="2026-09-05T21:12:21+02:00" level=warning msg="Request Failed" error="Get \"http://localhost:8081/\": request timeout"
time="2026-09-05T21:12:21+02:00" level=warning msg="Request Failed" error="Get \"http://localhost:8081/\": request timeout"
time="2026-09-05T21:12:21+02:00" level=warning msg="Request Failed" error="Get \"http://localhost:8081/\": request timeout"
time="2026-09-05T21:12:21+02:00" level=warning msg="Request Failed" error="Get \"http://localhost:8081/\": request timeout"
time="2026-09-05T21:12:21+02:00" level=warning msg="Request Failed" error="Get \"http://localhost:8081/\": request timeout"
time="2026-09-05T21:12:21+02:00" level=warning msg="Request Failed" error="Get \"http://localhost:8081/\": request timeout"
time="2026-09-05T21:12:22+02:00" level=warning msg="Request Failed" error="Get \"http://localhost:8081/\": request timeout"
time="2026-09-05T21:12:22+02:00" level=warning msg="Request Failed" error="Get \"http://localhost:8081/\": request timeout"
time="2026-09-05T21:12:22+02:00" level=warning msg="Request Failed" error="Get \"http://localhost:8081/\": request timeout"
time="2026-09-05T21:12:22+02:00" level=warning msg="Request Failed" error="Get \"http://localhost:8081/\": request timeout"
time="2026-09-05T21:12:22+02:00" level=warning msg="Request Failed" error="Get \"http://localhost:8081/\": request timeout"
time="2026-09-05T21:12:22+02:00" level=warning msg="Request Failed" error="Get \"http://localhost:8081/\": request timeout"
time="2026-09-05T21:12:22+02:00" level=warning msg="Request Failed" error="Get \"http://localhost:8081/\": request timeout"
time="2026-09-05T21:12:22+02:00" level=warning msg="Request Failed" error="Get \"http://localhost:8081/\": request timeout"
time="2026-09-05T21:12:22+02:00" level=warning msg="Request Failed" error="Get \"http://localhost:8081/\": request timeout"
time="2026-09-05T21:12:22+02:00" level=warning msg="Request Failed" error="Get \"http://localhost:8081/\": request timeout"
time="2026-09-05T21:12:22+02:00" level=warning msg="Request Failed" error="Get \"http://localhost:8081/\": request timeout"
time="2026-09-05T21:12:22+02:00" level=warning msg="Request Failed" error="Get \"http://localhost:8081/\": request timeout"
time="2026-09-05T21:12:22+02:00" level=warning msg="Request Failed" error="Get \"http://localhost:8081/\": request timeout"
time="2026-09-05T21:12:22+02:00" level=warning msg="Request Failed" error="Get \"http://localhost:8081/\": request timeout"
time="2026-09-05T21:12:22+02:00" level=warning msg="Request Failed" error="Get \"http://localhost:8081/\": request timeout"
time="2026-09-05T21:12:22+02:00" level=warning msg="Request Failed" error="Get \"http://localhost:8081/\": request timeout"
time="2026-09-05T21:12:22+02:00" level=warning msg="Request Failed" error="Get \"http://localhost:8081/\": request timeout"
time="2026-09-05T21:12:22+02:00" level=warning msg="Request Failed" error="Get \"http://localhost:8081/\": request timeout"
time="2026-09-05T21:12:22+02:00" level=warning msg="Request Failed" error="Get \"http://localhost:8081/\": request timeout"
time="2026-09-05T21:12:22+02:00" level=warning msg="Request Failed" error="Get \"http://localhost:8081/\": request timeout"
time="2026-09-05T21:12:22+02:00" level=warning msg="Request Failed" error="Get \"http://localhost:8081/\": request timeout"
time="2026-09-05T21:12:22+02:00" level=warning msg="Request Failed" error="Get \"http://localhost:8081/\": request timeout"
time="2026-09-05T21:12:22+02:00" level=warning msg="Request Failed" error="Get \"http://localhost:8081/\": request timeout"
time="2026-09-05T21:12:22+02:00" level=warning msg="Request Failed" error="Get \"http://localhost:8081/\": request timeout"
time="2026-09-05T21:12:22+02:00" level=warning msg="Request Failed" error="Get \"http://localhost:8081/\": request timeout"
time="2026-09-05T21:12:22+02:00" level=warning msg="Request Failed" error="Get \"http://localhost:8081/\": request timeout"
time="2026-09-05T21:12:22+02:00" level=warning msg="Request Failed" error="Get \"http://localhost:8081/\": request timeout"
time="2026-09-05T21:12:23+02:00" level=warning msg="Request Failed" error="Get \"http://localhost:8081/\": request timeout"
time="2026-09-05T21:12:23+02:00" level=warning msg="Request Failed" error="Get \"http://localhost:8081/\": request timeout"
time="2026-09-05T21:12:23+02:00" level=warning msg="Request Failed" error="Get \"http://localhost:8081/\": request timeout"
time="2026-09-05T21:12:23+02:00" level=warning msg="Request Failed" error="Get \"http://localhost:8081/\": request timeout"
time="2026-09-05T21:12:23+02:00" level=warning msg="Request Failed" error="Get \"http://localhost:8081/\": request timeout"
time="2026-09-05T21:12:23+02:00" level=warning msg="Request Failed" error="Get \"http://localhost:8081/\": request timeout"
time="2026-09-05T21:12:23+02:00" level=warning msg="Request Failed" error="Get \"http://localhost:8081/\": request timeout"
time="2026-09-05T21:12:24+02:00" level=warning msg="Request Failed" error="Get \"http://localhost:8081/\": request timeout"
time="2026-09-05T21:12:26+02:00" level=warning msg="Request Failed" error="Get \"http://localhost:8081/\": request timeout"


  █ THRESHOLDS 

    http_req_failed
    ✗ 'rate<0.05' rate=21.22%


  █ TOTAL RESULTS 

    checks_total.......: 994    19.717678/s
    checks_succeeded...: 78.77% 783 out of 994
    checks_failed......: 21.22% 211 out of 994

    ✗ status 200
      ↳  78% — ✓ 783 / ✗ 211

    HTTP
    http_req_duration..............: avg=3.28s min=97.75ms  med=1.13s    max=10s   p(90)=10s  p(95)=10s  
      { expected_response:true }...: avg=1.48s min=97.75ms  med=773.74ms max=9.98s p(90)=3.4s p(95)=6.39s
    http_req_failed................: 21.22% 211 out of 994
    http_reqs......................: 994    19.717678/s

    EXECUTION
    dropped_iterations.............: 806    15.988379/s
    iteration_duration.............: avg=3.28s min=107.92ms med=1.13s    max=10s   p(90)=10s  p(95)=10s  
    iterations.....................: 994    19.717678/s
    vus............................: 4      min=4          max=80
    vus_max........................: 80     min=18         max=80

    NETWORK
    data_received..................: 122 kB 2.4 kB/s
    data_sent......................: 70 kB  1.4 kB/s



time="2026-09-05T21:12:27+02:00" level=error msg="thresholds on metrics 'http_req_failed' have been crossed"
