

  █ THRESHOLDS 

    http_req_failed
    ✓ 'rate<0.05' rate=0.00%


  █ TOTAL RESULTS 

    checks_total.......: 541     11.994945/s
    checks_succeeded...: 100.00% 541 out of 541
    checks_failed......: 0.00%   0 out of 541

    ✓ status 200

    HTTP
    http_req_duration..............: avg=147.5ms  min=41.51ms med=143.2ms  max=279.79ms p(90)=185.46ms p(95)=195ms   
      { expected_response:true }...: avg=147.5ms  min=41.51ms med=143.2ms  max=279.79ms p(90)=185.46ms p(95)=195ms   
    http_req_failed................: 0.00% 0 out of 541
    http_reqs......................: 541   11.994945/s

    EXECUTION
    iteration_duration.............: avg=147.93ms min=41.65ms med=143.39ms max=279.97ms p(90)=185.7ms  p(95)=195.23ms
    iterations.....................: 541   11.994945/s
    vus............................: 2     min=1        max=3 
    vus_max........................: 10    min=10       max=10

    NETWORK
    data_received..................: 84 kB 1.9 kB/s
    data_sent......................: 38 kB 840 B/s



